[{"stream_name":"stderr","time":6.172987344,"data":"/usr/local/lib/python3.12/dist-packages/nbformat/__init__.py:96: MissingIDFieldWarning: Cell is missing an id field, this will become a hard error in future nbformat versions. You may want to use `normalize()` on your notebooks before validations (available since nbformat 5.1.4). Previous versions of nbformat are fixing this issue transparently, and will stop doing so in the future.\n"}
,{"stream_name":"stderr","time":6.173060757,"data":"  validate(nb)\n"}
,{"stream_name":"stderr","time":7.042836943,"data":"0.00s - Debugger warning: It seems that frozen modules are being used, which may\n"}
,{"stream_name":"stderr","time":7.042866321,"data":"0.00s - make the debugger miss breakpoints. Please pass -Xfrozen_modules=off\n"}
,{"stream_name":"stderr","time":7.042871596,"data":"0.00s - to python to disable frozen modules.\n"}
,{"stream_name":"stderr","time":7.042875493,"data":"0.00s - Note: Debugging will proceed. Set PYDEVD_DISABLE_FILE_VALIDATION=1 to disable this validation.\n"}
,{"stream_name":"stderr","time":7.625929931,"data":"0.00s - Debugger warning: It seems that frozen modules are being used, which may\n"}
,{"stream_name":"stderr","time":7.625960971,"data":"0.00s - make the debugger miss breakpoints. Please pass -Xfrozen_modules=off\n"}
,{"stream_name":"stderr","time":7.625965917,"data":"0.00s - to python to disable frozen modules.\n"}
,{"stream_name":"stderr","time":7.625973703,"data":"0.00s - Note: Debugging will proceed. Set PYDEVD_DISABLE_FILE_VALIDATION=1 to disable this validation.\n"}
,{"stream_name":"stdout","time":9.556398117,"data":"competition files: ['sample_submission.csv', 'train.parquet', 'test.parquet']\n"}
,{"stream_name":"stdout","time":16.324574139,"data":"RDKit available: True (fragmentation channel is optional - the notebook runs without it)\n"}
,{"stream_name":"stdout","time":75.047202302,"data":"ranker: 8 GBMs (2 priors x 4 seeds) on 142,762 rows x 31 features\n"}
,{"stream_name":"stdout","time":80.717990014,"data":"  loaded fp_merged_m1.pt: d=512 layers=6 step=24000\n"}
,{"stream_name":"stdout","time":84.694021537,"data":"  loaded fp_merged_m2.pt: d=512 layers=6 step=20000\n"}
,{"stream_name":"stdout","time":87.369761648,"data":"  loaded fp_single_aug.pt: d=512 layers=6 step=20000\n"}
,{"stream_name":"stdout","time":90.291928267,"data":"  loaded fp_single_s2.pt: d=512 layers=6 step=20000\n"}
,{"stream_name":"stdout","time":90.2919665,"data":"fingerprint models: 2 single-input, 2 merged-input, on cuda\n"}
,{"stream_name":"stdout","time":90.291973076,"data":"PubChem store not attached - pool expansion off\n"}
,{"stream_name":"stdout","time":92.355474864,"data":"COCONUT: 436,389 structures\n"}
,{"stream_name":"stdout","time":93.796559489,"data":"training structures to fingerprint: 275,810  (~5 min)\n"}
,{"stream_name":"stdout","time":340.565438816,"data":"pool: 712,199 structures   (250s)\n"}
,{"stream_name":"stdout","time":341.691991089,"data":"candidate pool: 712,199 structures, 6930 fingerprint bits\n"}
,{"stream_name":"stdout","time":368.612269321,"data":"library: 2,539,608 spectra / 275,810 structures  (27s)\n"}
,{"stream_name":"stdout","time":370.129832609,"data":"analog reference set: 275,632 spectra (one per structure)\n"}
,{"stream_name":"stdout","time":370.75990181,"data":"1,213 spectra / 400 molecules to identify\n"}
,{"stream_name":"stdout","time":391.847174766,"data":"  0/400  382s\n"}
,{"stream_name":"stdout","time":752.321801106,"data":"  50/400  743s\n"}
,{"stream_name":"stdout","time":1131.608747953,"data":"  100/400  1122s\n"}
,{"stream_name":"stdout","time":1485.584423689,"data":"  150/400  1476s\n"}
,{"stream_name":"stdout","time":1893.628249089,"data":"  200/400  1884s\n"}
,{"stream_name":"stdout","time":2256.169947677,"data":"  250/400  2247s\n"}
,{"stream_name":"stdout","time":2621.576765296,"data":"  300/400  2612s\n"}
,{"stream_name":"stdout","time":2974.345377216,"data":"  350/400  2965s\n"}
,{"stream_name":"stdout","time":3365.606886297,"data":"\n"}
,{"stream_name":"stdout","time":3365.606939629,"data":"wrote submission.csv  (400, 2)   total 3356s\n"}
,{"stream_name":"stdout","time":3365.792823961,"data":"       n_candidates  best_library_sim  best_analog_sim  top_prob\n"}
,{"stream_name":"stdout","time":3365.79285547,"data":"count       400.000             400.0          400.000   400.000\n"}
,{"stream_name":"stdout","time":3365.792862276,"data":"mean        143.112               1.0            0.930     0.674\n"}
,{"stream_name":"stdout","time":3365.792867565,"data":"std         118.675               0.0            0.130     0.124\n"}
,{"stream_name":"stdout","time":3365.79287244,"data":"min           2.000               1.0            0.444     0.254\n"}
,{"stream_name":"stdout","time":3365.792877065,"data":"25%          58.750               1.0            0.892     0.594\n"}
,{"stream_name":"stdout","time":3365.792881345,"data":"50%         107.000               1.0            1.000     0.694\n"}
,{"stream_name":"stdout","time":3365.792885591,"data":"75%         184.250               1.0            1.000     0.740\n"}
,{"stream_name":"stdout","time":3365.792889998,"data":"max         500.000               1.0            1.000     0.936\n"}
,{"stream_name":"stdout","time":3366.284296741,"data":"\n"}
,{"stream_name":"stdout","time":3366.284347471,"data":"molecules with a confident library hit (sim \u003e 0.85): 100.0%  -\u003e the other 0.0% are carried by analog propagation\n"}
,{"stream_name":"stdout","time":3366.320380303,"data":"wrote train_fingerprint_model.py 11704 bytes\n"}
,{"stream_name":"stderr","time":3371.636856922,"data":"/usr/local/lib/python3.12/dist-packages/mistune.py:435: SyntaxWarning: invalid escape sequence '\\|'\n"}
,{"stream_name":"stderr","time":3371.636891781,"data":"  cells[i][c] = re.sub('\\\\\\\\\\|', '|', cell)\n"}
,{"stream_name":"stderr","time":3371.799265342,"data":"/usr/local/lib/python3.12/dist-packages/nbconvert/filters/filter_links.py:36: SyntaxWarning: invalid escape sequence '\\_'\n"}
,{"stream_name":"stderr","time":3371.799293231,"data":"  text = re.sub(r'_', '\\_', text) # Escape underscores in display text\n"}
,{"stream_name":"stderr","time":3372.501779035,"data":"[NbConvertApp] Converting notebook __notebook__.ipynb to notebook\n"}
,{"stream_name":"stderr","time":3372.811843854,"data":"[NbConvertApp] Writing 218819 bytes to __notebook__.ipynb\n"}
,{"stream_name":"stderr","time":3375.170902343,"data":"[NbConvertApp] Converting notebook __notebook__.ipynb to html\n"}
,{"stream_name":"stderr","time":3376.264900417,"data":"[NbConvertApp] Support files will be in __results___files/\n"}
,{"stream_name":"stderr","time":3376.264929222,"data":"[NbConvertApp] Making directory __results___files\n"}
,{"stream_name":"stderr","time":3376.265231696,"data":"[NbConvertApp] Writing 693286 bytes to __results__.html\n"}
]