[{"stream_name":"stderr","time":6.534194728,"data":"/usr/local/lib/python3.12/dist-packages/nbformat/__init__.py:96: MissingIDFieldWarning: Cell is missing an id field, this will become a hard error in future nbformat versions. You may want to use `normalize()` on your notebooks before validations (available since nbformat 5.1.4). Previous versions of nbformat are fixing this issue transparently, and will stop doing so in the future.\n"}
,{"stream_name":"stderr","time":6.534261309,"data":"  validate(nb)\n"}
,{"stream_name":"stderr","time":7.40534866,"data":"0.00s - Debugger warning: It seems that frozen modules are being used, which may\n"}
,{"stream_name":"stderr","time":7.405378585,"data":"0.00s - make the debugger miss breakpoints. Please pass -Xfrozen_modules=off\n"}
,{"stream_name":"stderr","time":7.405383195,"data":"0.00s - to python to disable frozen modules.\n"}
,{"stream_name":"stderr","time":7.405386868,"data":"0.00s - Note: Debugging will proceed. Set PYDEVD_DISABLE_FILE_VALIDATION=1 to disable this validation.\n"}
,{"stream_name":"stderr","time":8.015074511,"data":"0.00s - Debugger warning: It seems that frozen modules are being used, which may\n"}
,{"stream_name":"stderr","time":8.015103872,"data":"0.00s - make the debugger miss breakpoints. Please pass -Xfrozen_modules=off\n"}
,{"stream_name":"stderr","time":8.015109107,"data":"0.00s - to python to disable frozen modules.\n"}
,{"stream_name":"stderr","time":8.015114105,"data":"0.00s - Note: Debugging will proceed. Set PYDEVD_DISABLE_FILE_VALIDATION=1 to disable this validation.\n"}
,{"stream_name":"stdout","time":10.094803146,"data":"competition files: ['sample_submission.csv', 'train.parquet', 'test.parquet']\n"}
,{"stream_name":"stdout","time":16.367379747,"data":"RDKit available: True (fragmentation channel is optional - the notebook runs without it)\n"}
,{"stream_name":"stdout","time":76.290455961,"data":"ranker: 8 GBMs (2 priors x 4 seeds) on 142,762 rows x 31 features\n"}
,{"stream_name":"stdout","time":79.934816881,"data":"  loaded fp_merged_m1.pt: d=512 layers=6 step=36000\n"}
,{"stream_name":"stdout","time":82.688183878,"data":"  loaded fp_single_s2.pt: d=512 layers=6 step=20000\n"}
,{"stream_name":"stdout","time":82.688223606,"data":"fingerprint models: 1 single-input, 1 merged-input, on cuda\n"}
,{"stream_name":"stdout","time":82.688228171,"data":"PubChem store not attached - pool expansion off\n"}
,{"stream_name":"stdout","time":85.179068066,"data":"COCONUT: 436,389 structures\n"}
,{"stream_name":"stdout","time":86.650898539,"data":"training structures to fingerprint: 275,810  (~5 min)\n"}
,{"stream_name":"stdout","time":335.938424304,"data":"pool: 712,199 structures   (253s)\n"}
,{"stream_name":"stdout","time":337.047805282,"data":"candidate pool: 712,199 structures, 6930 fingerprint bits\n"}
,{"stream_name":"stdout","time":364.103465023,"data":"library: 2,539,608 spectra / 275,810 structures  (27s)\n"}
,{"stream_name":"stdout","time":365.640121973,"data":"analog reference set: 275,632 spectra (one per structure)\n"}
,{"stream_name":"stdout","time":366.206479402,"data":"1,213 spectra / 400 molecules to identify\n"}
,{"stream_name":"stdout","time":387.433460576,"data":"  0/400  377s\n"}
,{"stream_name":"stdout","time":745.293818699,"data":"  50/400  735s\n"}
,{"stream_name":"stdout","time":1141.037611601,"data":"  100/400  1131s\n"}
,{"stream_name":"stdout","time":1490.29934829,"data":"  150/400  1480s\n"}
,{"stream_name":"stdout","time":1905.368049981,"data":"  200/400  1895s\n"}
,{"stream_name":"stdout","time":2258.29512437,"data":"  250/400  2248s\n"}
,{"stream_name":"stdout","time":2625.173090011,"data":"  300/400  2615s\n"}
,{"stream_name":"stdout","time":2975.244240829,"data":"  350/400  2965s\n"}
,{"stream_name":"stdout","time":3362.170643137,"data":"\n"}
,{"stream_name":"stdout","time":3362.170690451,"data":"wrote submission.csv  (400, 2)   total 3352s\n"}
,{"stream_name":"stdout","time":3362.356225721,"data":"       n_candidates  best_library_sim  best_analog_sim  top_prob\n"}
,{"stream_name":"stdout","time":3362.356250132,"data":"count       400.000             400.0          400.000   400.000\n"}
,{"stream_name":"stdout","time":3362.356254544,"data":"mean        143.112               1.0            0.930     0.675\n"}
,{"stream_name":"stdout","time":3362.356258103,"data":"std         118.675               0.0            0.130     0.121\n"}
,{"stream_name":"stdout","time":3362.356261484,"data":"min           2.000               1.0            0.444     0.257\n"}
,{"stream_name":"stdout","time":3362.356264706,"data":"25%          58.750               1.0            0.892     0.596\n"}
,{"stream_name":"stdout","time":3362.356268223,"data":"50%         107.000               1.0            1.000     0.694\n"}
,{"stream_name":"stdout","time":3362.356271495,"data":"75%         184.250               1.0            1.000     0.742\n"}
,{"stream_name":"stdout","time":3362.356274724,"data":"max         500.000               1.0            1.000     0.936\n"}
,{"stream_name":"stdout","time":3362.866360403,"data":"\n"}
,{"stream_name":"stdout","time":3362.866388007,"data":"molecules with a confident library hit (sim \u003e 0.85): 100.0%  -\u003e the other 0.0% are carried by analog propagation\n"}
,{"stream_name":"stdout","time":3362.902308134,"data":"wrote train_fingerprint_model.py 11704 bytes\n"}
,{"stream_name":"stderr","time":3368.97928131,"data":"/usr/local/lib/python3.12/dist-packages/mistune.py:435: SyntaxWarning: invalid escape sequence '\\|'\n"}
,{"stream_name":"stderr","time":3368.979312218,"data":"  cells[i][c] = re.sub('\\\\\\\\\\|', '|', cell)\n"}
,{"stream_name":"stderr","time":3369.145176255,"data":"/usr/local/lib/python3.12/dist-packages/nbconvert/filters/filter_links.py:36: SyntaxWarning: invalid escape sequence '\\_'\n"}
,{"stream_name":"stderr","time":3369.145204583,"data":"  text = re.sub(r'_', '\\_', text) # Escape underscores in display text\n"}
,{"stream_name":"stderr","time":3369.832539867,"data":"[NbConvertApp] Converting notebook __notebook__.ipynb to notebook\n"}
,{"stream_name":"stderr","time":3370.140001443,"data":"[NbConvertApp] Writing 218693 bytes to __notebook__.ipynb\n"}
,{"stream_name":"stderr","time":3372.52276041,"data":"[NbConvertApp] Converting notebook __notebook__.ipynb to html\n"}
,{"stream_name":"stderr","time":3373.621883346,"data":"[NbConvertApp] Support files will be in __results___files/\n"}
,{"stream_name":"stderr","time":3373.621920293,"data":"[NbConvertApp] Making directory __results___files\n"}
,{"stream_name":"stderr","time":3373.622173727,"data":"[NbConvertApp] Writing 693181 bytes to __results__.html\n"}
]